Start                                             2017-08-17 00:00:00+00:00
End                                               2022-12-31 18:00:00+00:00
Duration                                                 1962 days 18:00:00
Exposure Time [%]                                                 38.898802
Equity Final [$]                                             68514930.66152
Equity Peak [$]                                              93610570.79032
Return [%]                                                       585.149307
Buy & Hold Return [%]                                            294.632135
Return (Ann.) [%]                                                 43.022976
Volatility (Ann.) [%]                                             49.076694
Sharpe Ratio                                                       0.876648
Sortino Ratio                                                      2.287387
Calmar Ratio                                                       1.376937
Max. Drawdown [%]                                                -31.245416
Avg. Drawdown [%]                                                 -5.575773
Max. Drawdown Duration                                    430 days 18:00:00
Avg. Drawdown Duration                                     30 days 16:00:00
# Trades                                                                108
Win Rate [%]                                                      37.037037
Best Trade [%]                                                    69.714811
Worst Trade [%]                                                  -16.191878
Avg. Trade [%]                                                     1.995379
Max. Trade Duration                                        20 days 12:00:00
Avg. Trade Duration                                         6 days 20:00:00
Profit Factor                                                      1.866821
Expectancy [%]                                                     2.928451
SQN                                                                1.481299
_strategy                                                      MoonStrategy
_equity_curve                                              Equity  Drawd...
_trades                         Size  EntryBar  ...                  Exi...

SUMMARY
{
  "ann_vol_pct": 49.08,
  "asset": "ETH",
  "bars": 7846,
  "end": "2022-12-31 18:00:00+00:00",
  "guard_ok": true,
  "guard_reason": "ok",
  "max_dd_limit_pct": 32.0,
  "max_dd_pct": -31.25,
  "mode": "is",
  "pf": 1.867,
  "profile": "private",
  "return_pct": 585.15,
  "score": 1.6871,
  "sharpe": 0.877,
  "start": "2017-08-17 00:00:00+00:00",
  "trades": 108,
  "win_pct": 37.04
}
