MOON DEV AUTORESEARCH — NVIDIA NIM
model=nvidia/nemotron-3-super-120b-a12b
endpoint=https://integrate.api.nvidia.com/v1
key=NVIDIA_API_KEY environment variable
profile=private
max_dd_limit=32.0%

ITERATION 1 baseline K=1.6871
[1/4] AGENT
proposal: Add a volatility filter to entry, only buying when realized volatility is below a threshold.
[2/4] BACKTEST
K=1.3056 return=301.78% sharpe=0.939 vol=31.44% dd=-17.27% trades=27 runtime=1.1s
[3/4] VERDICT REJECTED: guard: trades 27 < 50
[4/4] SCOREBOARD tries=1 kept=0 rejected=1 crash=0 current_K=1.6871

ITERATION 2 baseline K=1.6871
[1/4] AGENT
proposal: Decrease entry lookback from 20 to 10 to increase trade frequency
[2/4] BACKTEST
K=1.2245 return=431.26% sharpe=0.733 vol=49.67% dd=-35.87% trades=157 runtime=1.2s
[3/4] VERDICT REJECTED: guard: max drawdown -35.87% exceeds 32.0% limit
[4/4] SCOREBOARD tries=2 kept=0 rejected=2 crash=0 current_K=1.6871

ITERATION 3 baseline K=1.6871
[1/4] AGENT
proposal: Decrease exit lookback from 10 to 5 to exit losing trades faster and reduce drawdown
[2/4] BACKTEST
K=2.0026 return=625.15% sharpe=1.011 vol=44.06% dd=-30.0% trades=126 runtime=1.2s
[3/4] VERDICT REJECTED: guard: ann vol 44.1% outside +-10% of baseline 49.1%
[4/4] SCOREBOARD tries=3 kept=0 rejected=3 crash=0 current_K=1.6871

ITERATION 4 baseline K=1.6871
[1/4] AGENT
proposal: Add dynamic volatility-adjusted entry threshold using realized volatility relative to its moving average
[2/4] BACKTEST
K=1.689 return=585.16% sharpe=0.878 vol=49.02% dd=-31.25% trades=107 runtime=1.2s
[3/4] VERDICT KEPT: K 1.6871 -> 1.689
[4/4] SCOREBOARD tries=4 kept=1 rejected=3 crash=0 current_K=1.689

ITERATION 5 baseline K=1.689
[1/4] AGENT
proposal: Add volatility condition to exit: only exit on breakdown when volatility is above its moving average
[2/4] BACKTEST
K=0.0546 return=56.96% sharpe=0.121 vol=72.23% dd=-64.74% trades=11 runtime=1.2s
[3/4] VERDICT REJECTED: guard: trades 11 < 50
[4/4] SCOREBOARD tries=5 kept=1 rejected=4 crash=0 current_K=1.689

ITERATION 6 baseline K=1.689
[1/4] AGENT
proposal: Make the stop loss distance dynamic, proportional to the ratio of current realized volatility to its moving average, to adapt stop width to volatility regimes.
[2/4] BACKTEST
K=1.2615 return=395.98% sharpe=0.788 vol=44.03% dd=-33.92% trades=110 runtime=1.2s
[3/4] VERDICT REJECTED: guard: max drawdown -33.92% exceeds 32.0% limit
[4/4] SCOREBOARD tries=6 kept=1 rejected=5 crash=0 current_K=1.689

ITERATION 7 baseline K=1.689
[1/4] AGENT
proposal: Change exit condition to require both price breaking the exit lookback low and realized volatility below its moving average.
[2/4] BACKTEST
K=2.0962 return=958.93% sharpe=0.888 vol=62.01% dd=-33.96% trades=94 runtime=1.1s
[3/4] VERDICT REJECTED: guard: max drawdown -33.96% exceeds 32.0% limit
[4/4] SCOREBOARD tries=7 kept=1 rejected=6 crash=0 current_K=1.689

ITERATION 8 baseline K=1.689
[1/4] AGENT
proposal: Add a 50-period simple moving average trend filter to entry logic, requiring price above its MA.
[2/4] BACKTEST
K=1.6972 return=586.2% sharpe=0.881 vol=48.87% dd=-28.87% trades=102 runtime=1.1s
[3/4] VERDICT KEPT: K 1.689 -> 1.6972
[4/4] SCOREBOARD tries=8 kept=2 rejected=6 crash=0 current_K=1.6972

ITERATION 9 baseline K=1.6972
[1/4] AGENT
[3/4] VERDICT CRASH: NVIDIA research-agent call failed: delimiter parse failed (required output markers missing or out of order); JSON fallback failed (Expecting value: line 1 column 1 (char 0))
[4/4] SCOREBOARD tries=9 kept=2 rejected=6 crash=1 current_K=1.6972

ITERATION 10 baseline K=1.6972
[1/4] AGENT
proposal: Add trend filter to exit condition: require price below 50-period SMA when breaking exit lookback low
[2/4] BACKTEST
K=1.9385 return=827.6% sharpe=0.87 vol=58.96% dd=-40.29% trades=84 runtime=1.1s
[3/4] VERDICT REJECTED: guard: max drawdown -40.29% exceeds 32.0% limit
[4/4] SCOREBOARD tries=10 kept=2 rejected=7 crash=1 current_K=1.6972

ITERATION 11 baseline K=1.6972
[1/4] AGENT
proposal: Increase stop loss multiplier from 3.0 to 4.0 to reduce premature exits and let winners run wider.
[2/4] BACKTEST
K=1.8697 return=650.45% sharpe=0.928 vol=49.01% dd=-30.76% trades=99 runtime=1.1s
[3/4] VERDICT KEPT: K 1.6972 -> 1.8697
[4/4] SCOREBOARD tries=11 kept=3 rejected=7 crash=1 current_K=1.8697

ITERATION 12 baseline K=1.8697
[1/4] AGENT
proposal: Add volatility condition to exit: only exit on breakdown when volatility is above its moving average
[2/4] BACKTEST
K=1.4049 return=483.84% sharpe=0.796 vol=48.77% dd=-34.68% trades=69 runtime=1.2s
[3/4] VERDICT REJECTED: guard: max drawdown -34.68% exceeds 32.0% limit
[4/4] SCOREBOARD tries=12 kept=3 rejected=8 crash=1 current_K=1.8697

ITERATION 13 baseline K=1.8697
[1/4] AGENT
proposal: Add decreasing realized volatility condition to entry, requiring current volatility to be lower than previous bar's volatility.
[2/4] BACKTEST
K=1.2455 return=342.89% sharpe=0.837 vol=38.09% dd=-23.08% trades=81 runtime=1.1s
[3/4] VERDICT REJECTED: guard: ann vol 38.1% outside +-10% of baseline 49.0%
[4/4] SCOREBOARD tries=13 kept=3 rejected=9 crash=1 current_K=1.8697

ITERATION 14 baseline K=1.8697
[1/4] AGENT
proposal: Decrease volatility filter multiplier from 2.0 to 1.5 to enter only in lower volatility regimes
[2/4] BACKTEST
K=1.8697 return=650.45% sharpe=0.928 vol=49.01% dd=-30.76% trades=99 runtime=1.1s
[3/4] VERDICT REJECTED: K 1.8697 did not beat 1.8697
[4/4] SCOREBOARD tries=14 kept=3 rejected=10 crash=1 current_K=1.8697

ITERATION 15 baseline K=1.8697
[1/4] AGENT
proposal: Add rising 50-SMA condition to entry logic, requiring the 50-SMA to be increasing over the previous bar.
[2/4] BACKTEST
K=1.792 return=520.33% sharpe=0.982 vol=41.15% dd=-17.7% trades=75 runtime=1.3s
[3/4] VERDICT REJECTED: guard: ann vol 41.1% outside +-10% of baseline 49.0%
[4/4] SCOREBOARD tries=15 kept=3 rejected=11 crash=1 current_K=1.8697

ITERATION 16 baseline K=1.8697
[1/4] AGENT
proposal: Increase exit lookback from 10 to 15 to reduce premature exits and let winners run longer.
[2/4] BACKTEST
K=2.0161 return=803.57% sharpe=0.916 vol=55.22% dd=-39.19% trades=86 runtime=1.1s
[3/4] VERDICT REJECTED: guard: max drawdown -39.19% exceeds 32.0% limit
[4/4] SCOREBOARD tries=16 kept=3 rejected=12 crash=1 current_K=1.8697

ITERATION 17 baseline K=1.8697
[1/4] AGENT
proposal: Add trend filter to exit condition: require price below 50-period SMA when breaking exit lookback low
[2/4] BACKTEST
K=2.1946 return=961.08% sharpe=0.929 vol=59.34% dd=-36.88% trades=80 runtime=1.1s
[3/4] VERDICT REJECTED: guard: max drawdown -36.88% exceeds 32.0% limit
[4/4] SCOREBOARD tries=17 kept=3 rejected=13 crash=1 current_K=1.8697

ITERATION 18 baseline K=1.8697
[1/4] AGENT
proposal: Increase volatility filter multiplier to 2.5 to require even lower volatility relative to its moving average for entry
[2/4] BACKTEST
K=1.8697 return=650.45% sharpe=0.928 vol=49.01% dd=-30.76% trades=99 runtime=1.1s
[3/4] VERDICT REJECTED: K 1.8697 did not beat 1.8697
[4/4] SCOREBOARD tries=18 kept=3 rejected=14 crash=1 current_K=1.8697

ITERATION 19 baseline K=1.8697
[1/4] AGENT
proposal: Increase trend filter lookback from 50 to 60 to strengthen entry condition
[2/4] BACKTEST
K=1.9765 return=686.27% sharpe=0.958 vol=48.75% dd=-26.68% trades=95 runtime=1.1s
[3/4] VERDICT KEPT: K 1.8697 -> 1.9765
[4/4] SCOREBOARD tries=19 kept=4 rejected=14 crash=1 current_K=1.9765

ITERATION 20 baseline K=1.9765
[1/4] AGENT
proposal: Increase ATR lookback from 20 to 30 to smooth the stop loss calculation.
[2/4] BACKTEST
K=1.909 return=658.24% sharpe=0.942 vol=48.54% dd=-26.36% trades=95 runtime=1.0s
[3/4] VERDICT REJECTED: K 1.909 did not beat 1.9765
[4/4] SCOREBOARD tries=20 kept=4 rejected=15 crash=1 current_K=1.9765

ITERATION 21 baseline K=1.9765
[1/4] AGENT
proposal: Increase entry lookback from 20 to 25 to require a stronger breakout signal
[2/4] BACKTEST
K=1.8526 return=618.96% sharpe=0.939 vol=47.18% dd=-18.93% trades=89 runtime=1.0s
[3/4] VERDICT REJECTED: K 1.8526 did not beat 1.9765
[4/4] SCOREBOARD tries=21 kept=4 rejected=16 crash=1 current_K=1.9765

ITERATION 22 baseline K=1.9765
[1/4] AGENT
proposal: Change trend filter from SMA to EMA for more responsive trend detection
[2/4] BACKTEST
K=1.9334 return=666.57% sharpe=0.949 vol=48.5% dd=-25.64% trades=97 runtime=1.0s
[3/4] VERDICT REJECTED: K 1.9334 did not beat 1.9765
[4/4] SCOREBOARD tries=22 kept=4 rejected=17 crash=1 current_K=1.9765

ITERATION 23 baseline K=1.9765
[1/4] AGENT
proposal: Flip volatility filter condition to enter only when realized volatility is above its moving average
[2/4] BACKTEST
K=0.0 return=0.0% sharpe=0.0 vol=0.0% dd=-0.0% trades=0 runtime=1.0s
[3/4] VERDICT REJECTED: guard: trades 0 < 50
[4/4] SCOREBOARD tries=23 kept=4 rejected=18 crash=1 current_K=1.9765

ITERATION 24 baseline K=1.9765
[1/4] AGENT
proposal: Change volatility filter to use ATR moving average instead of realized volatility moving average
[2/4] BACKTEST
K=1.9765 return=686.27% sharpe=0.958 vol=48.75% dd=-26.68% trades=95 runtime=1.0s
[3/4] VERDICT REJECTED: K 1.9765 did not beat 1.9765
[4/4] SCOREBOARD tries=24 kept=4 rejected=19 crash=1 current_K=1.9765

ITERATION 25 baseline K=1.9765
[1/4] AGENT
proposal: Decrease volatility filter lookback from 30 to 20 to make the volatility filter more responsive.
[2/4] BACKTEST
K=1.9765 return=686.27% sharpe=0.958 vol=48.75% dd=-26.68% trades=95 runtime=1.0s
[3/4] VERDICT REJECTED: K 1.9765 did not beat 1.9765
[4/4] SCOREBOARD tries=25 kept=4 rejected=20 crash=1 current_K=1.9765

ITERATION 26 baseline K=1.9765
[1/4] AGENT
proposal: Increase trend filter lookback from 60 to 70 to strengthen entry condition
[2/4] BACKTEST
K=1.9477 return=670.36% sharpe=0.954 vol=48.4% dd=-23.56% trades=94 runtime=1.0s
[3/4] VERDICT REJECTED: K 1.9477 did not beat 1.9765
[4/4] SCOREBOARD tries=26 kept=4 rejected=21 crash=1 current_K=1.9765

ITERATION 27 baseline K=1.9765
[1/4] AGENT
proposal: Decrease exit lookback from 10 to 8 to exit losing trades faster and reduce drawdown
[2/4] BACKTEST
K=1.9112 return=636.58% sharpe=0.957 vol=46.97% dd=-27.07% trades=102 runtime=1.0s
[3/4] VERDICT REJECTED: K 1.9112 did not beat 1.9765
[4/4] SCOREBOARD tries=27 kept=4 rejected=22 crash=1 current_K=1.9765

ITERATION 28 baseline K=1.9765
[1/4] AGENT
proposal: Add a breakout threshold requiring price to exceed the entry lookback high by a multiple of ATR to filter for stronger breakouts.
[2/4] BACKTEST
[3/4] VERDICT CRASH: harness exited 1; see logs/run_28.txt
[4/4] SCOREBOARD tries=28 kept=4 rejected=22 crash=2 current_K=1.9765

ITERATION 29 baseline K=1.9765
[1/4] AGENT
proposal: Add decreasing realized volatility condition to entry, requiring current volatility to be lower than previous bar's volatility
[2/4] BACKTEST
K=1.3244 return=356.77% sharpe=0.872 vol=37.43% dd=-20.27% trades=77 runtime=1.0s
[3/4] VERDICT REJECTED: guard: ann vol 37.4% outside +-10% of baseline 48.8%
[4/4] SCOREBOARD tries=29 kept=4 rejected=23 crash=2 current_K=1.9765

ITERATION 30 baseline K=1.9765
[1/4] AGENT
proposal: Decrease volatility filter lookback from 30 to 20 to make the volatility filter more responsive to changing regimes.
[2/4] BACKTEST
K=1.9765 return=686.27% sharpe=0.958 vol=48.75% dd=-26.68% trades=95 runtime=1.0s
[3/4] VERDICT REJECTED: K 1.9765 did not beat 1.9765
[4/4] SCOREBOARD tries=30 kept=4 rejected=24 crash=2 current_K=1.9765

ITERATION 31 baseline K=1.9765
[1/4] AGENT
proposal: Add ATR-scaled breakout threshold to entry condition requiring price to exceed entry lookback high by a multiple of ATR
[2/4] BACKTEST
[3/4] VERDICT CRASH: harness exited 1; see logs/run_31.txt
[4/4] SCOREBOARD tries=31 kept=4 rejected=24 crash=3 current_K=1.9765

ITERATION 32 baseline K=1.9765
[1/4] AGENT
proposal: Change volatility filter moving average from SMA to EMA
[2/4] BACKTEST
K=1.9765 return=686.27% sharpe=0.958 vol=48.75% dd=-26.68% trades=95 runtime=1.0s
[3/4] VERDICT REJECTED: K 1.9765 did not beat 1.9765
[4/4] SCOREBOARD tries=32 kept=4 rejected=25 crash=3 current_K=1.9765

ITERATION 33 baseline K=1.9765
[1/4] AGENT
proposal: Add ATR-scaled breakout threshold to entry condition requiring price to exceed entry lookback high by a multiple of ATR
[2/4] BACKTEST
K=1.5185 return=471.78% sharpe=0.871 vol=43.97% dd=-22.96% trades=69 runtime=1.0s
[3/4] VERDICT REJECTED: K 1.5185 did not beat 1.9765
[4/4] SCOREBOARD tries=33 kept=4 rejected=26 crash=3 current_K=1.9765

ITERATION 34 baseline K=1.9765
[1/4] AGENT
proposal: Add volatility-adjusted trend filter requiring price to exceed moving average by half the ATR
[2/4] BACKTEST
K=2.1253 return=745.26% sharpe=0.996 vol=48.93% dd=-20.67% trades=89 runtime=1.0s
[3/4] VERDICT KEPT: K 1.9765 -> 2.1253
[4/4] SCOREBOARD tries=34 kept=5 rejected=26 crash=3 current_K=2.1253

ITERATION 35 baseline K=2.1253
[1/4] AGENT
proposal: Adjust exit condition to require price to break below exit lookback low by half an ATR
[2/4] BACKTEST
K=2.2563 return=989.57% sharpe=0.945 vol=59.18% dd=-26.11% trades=67 runtime=1.0s
[3/4] VERDICT REJECTED: guard: ann vol 59.2% outside +-10% of baseline 48.9%
[4/4] SCOREBOARD tries=35 kept=5 rejected=27 crash=3 current_K=2.1253

ITERATION 36 baseline K=2.1253
[1/4] AGENT
proposal: Increase the trend filter constant from 0.5 to 0.6 to require a stronger bullish bias for entries
[2/4] BACKTEST
K=2.0864 return=726.9% sharpe=0.988 vol=48.72% dd=-21.65% trades=89 runtime=1.0s
[3/4] VERDICT REJECTED: K 2.0864 did not beat 2.1253
[4/4] SCOREBOARD tries=36 kept=5 rejected=28 crash=3 current_K=2.1253

ITERATION 37 baseline K=2.1253
[1/4] AGENT
proposal: Increase volatility filter multiplier from 2.0 to 2.2 to allow entry in slightly higher volatility regimes
[2/4] BACKTEST
K=2.1253 return=745.26% sharpe=0.996 vol=48.93% dd=-20.67% trades=89 runtime=1.0s
[3/4] VERDICT REJECTED: K 2.1253 did not beat 2.1253
[4/4] SCOREBOARD tries=37 kept=5 rejected=29 crash=3 current_K=2.1253

ITERATION 38 baseline K=2.1253
[1/4] AGENT
proposal: Add ATR-scaled breakout threshold to entry condition requiring price to exceed entry lookback high by half the ATR
[2/4] BACKTEST
K=1.5283 return=471.09% sharpe=0.877 vol=43.62% dd=-23.45% trades=67 runtime=1.0s
[3/4] VERDICT REJECTED: guard: ann vol 43.6% outside +-10% of baseline 48.9%
[4/4] SCOREBOARD tries=38 kept=5 rejected=30 crash=3 current_K=2.1253

ITERATION 39 baseline K=2.1253
[1/4] AGENT
proposal: Decrease vol_lookback from 30 to 20 to make realized volatility more responsive for sizing and volatility filter.
[2/4] BACKTEST
K=1.9623 return=757.34% sharpe=0.913 vol=53.78% dd=-23.99% trades=89 runtime=1.0s
[3/4] VERDICT REJECTED: K 1.9623 did not beat 2.1253
[4/4] SCOREBOARD tries=39 kept=5 rejected=31 crash=3 current_K=2.1253

ITERATION 40 baseline K=2.1253
[1/4] AGENT
proposal: Add trend filter to exit condition: require price to be below 60-period SMA when breaking exit lookback low
[2/4] BACKTEST
K=2.2118 return=964.85% sharpe=0.935 vol=59.08% dd=-29.82% trades=70 runtime=1.0s
[3/4] VERDICT REJECTED: guard: ann vol 59.1% outside +-10% of baseline 48.9%
[4/4] SCOREBOARD tries=40 kept=5 rejected=32 crash=3 current_K=2.1253

ITERATION 41 baseline K=2.1253
[1/4] AGENT
proposal: Decrease stop loss multiplier from 4.0 to 3.5 to cut losses faster and reduce drawdown while maintaining winning trades.
[2/4] BACKTEST
K=2.0636 return=720.39% sharpe=0.981 vol=48.85% dd=-21.08% trades=89 runtime=1.1s
[3/4] VERDICT REJECTED: K 2.0636 did not beat 2.1253
[4/4] SCOREBOARD tries=41 kept=5 rejected=33 crash=3 current_K=2.1253

ITERATION 42 baseline K=2.1253
[1/4] AGENT
proposal: Increase stop loss multiplier from 4.0 to 4.5 to reduce premature exits while maintaining volatility targeting
[2/4] BACKTEST
K=2.0691 return=721.25% sharpe=0.983 vol=48.77% dd=-20.33% trades=89 runtime=1.0s
[3/4] VERDICT REJECTED: K 2.0691 did not beat 2.1253
[4/4] SCOREBOARD tries=42 kept=5 rejected=34 crash=3 current_K=2.1253

ITERATION 43 baseline K=2.1253
[1/4] AGENT
proposal: Add bullish signal bar condition (close > open) to entry
[2/4] BACKTEST
K=2.1253 return=745.26% sharpe=0.996 vol=48.93% dd=-20.67% trades=89 runtime=1.0s
[3/4] VERDICT REJECTED: K 2.1253 did not beat 2.1253
[4/4] SCOREBOARD tries=43 kept=5 rejected=35 crash=3 current_K=2.1253

ITERATION 44 baseline K=2.1253
[1/4] AGENT
proposal: Increase exit lookback from 10 to 12 to reduce premature exits and let winners run longer, seeking a balance between the too-fast (8) and too-slow (15) previously tried.
[2/4] BACKTEST
K=2.2091 return=822.8% sharpe=0.994 vol=51.47% dd=-26.29% trades=83 runtime=1.0s
[3/4] VERDICT KEPT: K 2.1253 -> 2.2091
[4/4] SCOREBOARD tries=44 kept=6 rejected=35 crash=3 current_K=2.2091

ITERATION 45 baseline K=2.2091
[1/4] AGENT
proposal: Decrease trend filter constant from 0.5 to 0.4 to allow entry in weaker trends
[2/4] BACKTEST
K=2.0538 return=750.87% sharpe=0.959 vol=50.98% dd=-32.63% trades=86 runtime=1.0s
[3/4] VERDICT REJECTED: guard: max drawdown -32.63% exceeds 32.0% limit
[4/4] SCOREBOARD tries=45 kept=6 rejected=36 crash=3 current_K=2.2091

ITERATION 46 baseline K=2.2091
[1/4] AGENT
proposal: Decrease vol_filter_lookback from 30 to 20 to make the volatility filter's moving average more responsive.
[2/4] BACKTEST
K=2.2091 return=822.8% sharpe=0.994 vol=51.47% dd=-26.29% trades=83 runtime=1.0s
[3/4] VERDICT REJECTED: K 2.2091 did not beat 2.2091
[4/4] SCOREBOARD tries=46 kept=6 rejected=37 crash=3 current_K=2.2091

ITERATION 47 baseline K=2.2091
[1/4] AGENT
proposal: Decrease trend filter constant from 0.5 to 0.45 to allow entry in slightly weaker trends
[2/4] BACKTEST
K=2.0925 return=766.94% sharpe=0.969 vol=51.01% dd=-28.93% trades=85 runtime=1.0s
[3/4] VERDICT REJECTED: K 2.0925 did not beat 2.2091
[4/4] SCOREBOARD tries=47 kept=6 rejected=38 crash=3 current_K=2.2091

ITERATION 48 baseline K=2.2091
[1/4] AGENT
proposal: Decrease volatility filter multiplier from 2.0 to 1.8 to require even lower volatility relative to its moving average for entry
[2/4] BACKTEST
K=2.2091 return=822.8% sharpe=0.994 vol=51.47% dd=-26.29% trades=83 runtime=1.0s
[3/4] VERDICT REJECTED: K 2.2091 did not beat 2.2091
[4/4] SCOREBOARD tries=48 kept=6 rejected=39 crash=3 current_K=2.2091

ITERATION 49 baseline K=2.2091
[1/4] AGENT
proposal: Increase trend filter constant from 0.5 to 0.55 to require a stronger bullish bias for entries
[2/4] BACKTEST
K=2.1703 return=802.76% sharpe=0.986 vol=51.25% dd=-27.2% trades=83 runtime=1.0s
[3/4] VERDICT REJECTED: K 2.1703 did not beat 2.2091
[4/4] SCOREBOARD tries=49 kept=6 rejected=40 crash=3 current_K=2.2091

ITERATION 50 baseline K=2.2091
[1/4] AGENT
proposal: Decrease entry lookback from 20 to 18 to allow earlier breakout detection.
[2/4] BACKTEST
K=2.0144 return=737.24% sharpe=0.948 vol=51.12% dd=-33.63% trades=88 runtime=1.0s
[3/4] VERDICT REJECTED: guard: max drawdown -33.63% exceeds 32.0% limit
[4/4] SCOREBOARD tries=50 kept=6 rejected=41 crash=3 current_K=2.2091
